current directory: /Users/runner/work/cmd/cmd/app/fastlane/vendor/bundle/ruby/3.4.0/gems/json-2.13.2/ext/json/ext/parser
/Users/runner/hostedtoolcache/Ruby/3.4.6/arm64/bin/ruby extconf.rb
checking for rb_enc_interned_str() in ruby/encoding.h... yes
checking for rb_hash_new_capa() in ruby.h... yes
checking for rb_hash_bulk_insert() in ruby.h... yes
checking for strnlen() in string.h... yes
checking for whether -std=c99 is accepted as CFLAGS... yes
checking for arm_neon.h... yes
checking for cpuid.h... no
creating Makefile

current directory: /Users/runner/work/cmd/cmd/app/fastlane/vendor/bundle/ruby/3.4.0/gems/json-2.13.2/ext/json/ext/parser
make DESTDIR\= sitearchdir\=./.gem.20260128-49188-53e2qy sitelibdir\=./.gem.20260128-49188-53e2qy clean

current directory: /Users/runner/work/cmd/cmd/app/fastlane/vendor/bundle/ruby/3.4.0/gems/json-2.13.2/ext/json/ext/parser
make DESTDIR\= sitearchdir\=./.gem.20260128-49188-53e2qy sitelibdir\=./.gem.20260128-49188-53e2qy
compiling parser.c
linking shared-object json/ext/parser.bundle

current directory: /Users/runner/work/cmd/cmd/app/fastlane/vendor/bundle/ruby/3.4.0/gems/json-2.13.2/ext/json/ext/parser
make DESTDIR\= sitearchdir\=./.gem.20260128-49188-53e2qy sitelibdir\=./.gem.20260128-49188-53e2qy install
/usr/bin/install -c -m 0755 parser.bundle ./.gem.20260128-49188-53e2qy/json/ext

current directory: /Users/runner/work/cmd/cmd/app/fastlane/vendor/bundle/ruby/3.4.0/gems/json-2.13.2/ext/json/ext/parser
make DESTDIR\= sitearchdir\=./.gem.20260128-49188-53e2qy sitelibdir\=./.gem.20260128-49188-53e2qy clean
